// Jest Snapshot v1, https://goo.gl/fbAQLP

exports[`Loader renders a content styled loader 1`] = `
<div>
  <div />
  <div />
  <div />
  <div />
  <div />
  <div />
  <div />
</div>
`;

exports[`Loader renders an accordion styled loader 1`] = `
<div>
  <div>
    <div />
  </div>
  <div>
    <div />
  </div>
  <div>
    <div />
  </div>
  <div>
    <div />
  </div>
  <div>
    <div />
  </div>
  <div>
    <div />
  </div>
</div>
`;

exports[`Loader renders the ring loader as the default loader 1`] = `
<div>
  <div />
</div>
`;
